src/components/Jobs.tsx(315,17): error TS1005: ')' expected.
src/components/Jobs.tsx(321,12): error TS1381: Unexpected token. Did you mean `{'}'}` or `&rbrace;`?
src/components/Jobs.tsx(325,7): error TS1005: ')' expected.
src/components/Jobs.tsx(476,5): error TS1128: Declaration or statement expected.
src/components/Jobs.tsx(477,3): error TS1109: Expression expected.
